2024-12-18 20:34:29 Custom log message
2024-12-18 20:35:46 Custom log message
2024-12-18 20:37:14 Custom log message
2024-12-18 20:37:14 Initial message
2024-12-18 20:41:04 Custom log message
2024-12-18 20:41:04 Initial message
2024-12-18 20:43:01 Custom log message
2024-12-18 20:43:01 Initial message
2024-12-18 20:45:16 Custom log message
2024-12-18 20:45:16 Initial message
2024-12-18 20:52:07 Custom log message
2024-12-18 20:55:58 Custom log message
2024-12-18 20:57:18 Custom log message
2024-12-18 21:09:09 Custom log message
2024-12-19 01:06:14 Custom log message
